#x#############################D##############################################x#
#                                                                              #
#     b                                                                        #
#                                      b                                       #
#                                                                              #
#            b                                                                 #
#                                                   b                          #
#                                b                                             #
D                                                                              #
#                                                       x|         |           #
#                       b                                |         |           #
#                                                        |         |           #
#              b                             b           |    b    |           #
#                                                        |         |           #
#     b                                                  |b   S    |xz         #
#                                                                              #
#                                                                              #
#                                                                              #
#                                                                              #
zy############################################################################yz
